// Jest Snapshot v1, https://goo.gl/fbAQLP

exports[`ErrorMessage component should render 1`] = `
<div
  className="ErrorMessage"
>
  my message
</div>
`;
